[    8430ms] Uncaught Invariant Violation: Minified invariant #4412; %s Params: %s
    at s (https://www.instagram.com/embed.js:62:365)
    at z (https://www.instagram.com/embed.js:124:3648)
    at <anonymous> (https://www.instagram.com/embed.js:124:4697)
[    8453ms] Uncaught Invariant Violation: Minified invariant #4412; %s Params: %s
    at s (https://www.instagram.com/embed.js:62:365)
    at z (https://www.instagram.com/embed.js:124:3648)
    at <anonymous> (https://www.instagram.com/embed.js:124:4697)
[    8543ms] Uncaught Invariant Violation: Minified invariant #4412; %s Params: %s
    at s (https://www.instagram.com/embed.js:62:365)
    at z (https://www.instagram.com/embed.js:124:3648)
    at <anonymous> (https://www.instagram.com/embed.js:124:4697)
[    8563ms] Uncaught Invariant Violation: Minified invariant #4412; %s Params: %s
    at s (https://www.instagram.com/embed.js:62:365)
    at z (https://www.instagram.com/embed.js:124:3648)
    at <anonymous> (https://www.instagram.com/embed.js:124:4697)
[    8581ms] Uncaught Invariant Violation: Minified invariant #4412; %s Params: %s
    at s (https://www.instagram.com/embed.js:62:365)
    at z (https://www.instagram.com/embed.js:124:3648)
    at <anonymous> (https://www.instagram.com/embed.js:124:4697)
[   10243ms] Uncaught Invariant Violation: Minified invariant #4412; %s Params: %s
    at s (https://www.instagram.com/embed.js:62:365)
    at z (https://www.instagram.com/embed.js:124:3648)
    at <anonymous> (https://www.instagram.com/embed.js:124:4697)
[   90695ms] Uncaught Invariant Violation: Minified invariant #4412; %s Params: %s
    at s (https://www.instagram.com/embed.js:62:365)
    at z (https://www.instagram.com/embed.js:124:3648)
    at <anonymous> (https://www.instagram.com/embed.js:124:4697)
[   90724ms] Uncaught Invariant Violation: Minified invariant #4412; %s Params: %s
    at s (https://www.instagram.com/embed.js:62:365)
    at z (https://www.instagram.com/embed.js:124:3648)
    at <anonymous> (https://www.instagram.com/embed.js:124:4697)
[   90752ms] Uncaught Invariant Violation: Minified invariant #4412; %s Params: %s
    at s (https://www.instagram.com/embed.js:62:365)
    at z (https://www.instagram.com/embed.js:124:3648)
    at <anonymous> (https://www.instagram.com/embed.js:124:4697)
[   90758ms] Uncaught Invariant Violation: Minified invariant #4412; %s Params: %s
    at s (https://www.instagram.com/embed.js:62:365)
    at z (https://www.instagram.com/embed.js:124:3648)
    at <anonymous> (https://www.instagram.com/embed.js:124:4697)
[   90856ms] Uncaught Invariant Violation: Minified invariant #4412; %s Params: %s
    at s (https://www.instagram.com/embed.js:62:365)
    at z (https://www.instagram.com/embed.js:124:3648)
    at <anonymous> (https://www.instagram.com/embed.js:124:4697)
[   91234ms] Uncaught Invariant Violation: Minified invariant #4412; %s Params: %s
    at s (https://www.instagram.com/embed.js:62:365)
    at z (https://www.instagram.com/embed.js:124:3648)
    at <anonymous> (https://www.instagram.com/embed.js:124:4697)
